Archive member included to satisfy reference by file (symbol)

/usr/lib/gcc/arm-none-eabi/13.2.1/../../../arm-none-eabi/lib/thumb/v7e-m/nofp/libc.a(libc_a-memset.o)
                              /usr/lib/gcc/arm-none-eabi/13.2.1/../../../arm-none-eabi/lib/thumb/v7e-m/nofp/crt0.o (memset)
/usr/lib/gcc/arm-none-eabi/13.2.1/../../../arm-none-eabi/lib/thumb/v7e-m/nofp/libc.a(libc_a-errno.o)
                              CMakeFiles/Servo.elf.dir/Core/Src/syscalls.c.obj (__errno)
/usr/lib/gcc/arm-none-eabi/13.2.1/../../../arm-none-eabi/lib/thumb/v7e-m/nofp/libc.a(libc_a-impure.o)
                              /usr/lib/gcc/arm-none-eabi/13.2.1/../../../arm-none-eabi/lib/thumb/v7e-m/nofp/libc.a(libc_a-errno.o) (_impure_ptr)
/usr/lib/gcc/arm-none-eabi/13.2.1/../../../arm-none-eabi/lib/thumb/v7e-m/nofp/libc.a(libc_a-init.o)
                              /usr/lib/gcc/arm-none-eabi/13.2.1/../../../arm-none-eabi/lib/thumb/v7e-m/nofp/crt0.o (__libc_init_array)
/usr/lib/gcc/arm-none-eabi/13.2.1/../../../arm-none-eabi/lib/thumb/v7e-m/nofp/libc.a(libc_a-findfp.o)
                              /usr/lib/gcc/arm-none-eabi/13.2.1/../../../arm-none-eabi/lib/thumb/v7e-m/nofp/libc.a(libc_a-impure.o) (__sf)
/usr/lib/gcc/arm-none-eabi/13.2.1/../../../arm-none-eabi/lib/thumb/v7e-m/nofp/libc.a(libc_a-exit.o)
                              /usr/lib/gcc/arm-none-eabi/13.2.1/../../../arm-none-eabi/lib/thumb/v7e-m/nofp/crt0.o (exit)
/usr/lib/gcc/arm-none-eabi/13.2.1/../../../arm-none-eabi/lib/thumb/v7e-m/nofp/libc.a(libc_a-atexit.o)
                              /usr/lib/gcc/arm-none-eabi/13.2.1/../../../arm-none-eabi/lib/thumb/v7e-m/nofp/crt0.o (atexit)
/usr/lib/gcc/arm-none-eabi/13.2.1/../../../arm-none-eabi/lib/thumb/v7e-m/nofp/libc.a(libc_a-fini.o)
                              /usr/lib/gcc/arm-none-eabi/13.2.1/../../../arm-none-eabi/lib/thumb/v7e-m/nofp/crt0.o (__libc_fini_array)
/usr/lib/gcc/arm-none-eabi/13.2.1/../../../arm-none-eabi/lib/thumb/v7e-m/nofp/libc.a(libc_a-fwalk.o)
                              /usr/lib/gcc/arm-none-eabi/13.2.1/../../../arm-none-eabi/lib/thumb/v7e-m/nofp/libc.a(libc_a-findfp.o) (_fwalk_sglue)
/usr/lib/gcc/arm-none-eabi/13.2.1/../../../arm-none-eabi/lib/thumb/v7e-m/nofp/libc.a(libc_a-mallocr.o)
                              /usr/lib/gcc/arm-none-eabi/13.2.1/../../../arm-none-eabi/lib/thumb/v7e-m/nofp/libc.a(libc_a-findfp.o) (_malloc_r)
/usr/lib/gcc/arm-none-eabi/13.2.1/../../../arm-none-eabi/lib/thumb/v7e-m/nofp/libc.a(libc_a-freer.o)
                              /usr/lib/gcc/arm-none-eabi/13.2.1/../../../arm-none-eabi/lib/thumb/v7e-m/nofp/libc.a(libc_a-mallocr.o) (_free_r)
/usr/lib/gcc/arm-none-eabi/13.2.1/../../../arm-none-eabi/lib/thumb/v7e-m/nofp/libc.a(libc_a-fclose.o)
                              /usr/lib/gcc/arm-none-eabi/13.2.1/../../../arm-none-eabi/lib/thumb/v7e-m/nofp/libc.a(libc_a-findfp.o) (_fclose_r)
/usr/lib/gcc/arm-none-eabi/13.2.1/../../../arm-none-eabi/lib/thumb/v7e-m/nofp/libc.a(libc_a-__call_atexit.o)
                              /usr/lib/gcc/arm-none-eabi/13.2.1/../../../arm-none-eabi/lib/thumb/v7e-m/nofp/libc.a(libc_a-exit.o) (__call_exitprocs)
/usr/lib/gcc/arm-none-eabi/13.2.1/../../../arm-none-eabi/lib/thumb/v7e-m/nofp/libc.a(libc_a-sysconf.o)
                              /usr/lib/gcc/arm-none-eabi/13.2.1/../../../arm-none-eabi/lib/thumb/v7e-m/nofp/libc.a(libc_a-mallocr.o) (sysconf)
/usr/lib/gcc/arm-none-eabi/13.2.1/../../../arm-none-eabi/lib/thumb/v7e-m/nofp/libc.a(libc_a-stdio.o)
                              /usr/lib/gcc/arm-none-eabi/13.2.1/../../../arm-none-eabi/lib/thumb/v7e-m/nofp/libc.a(libc_a-findfp.o) (__sread)
/usr/lib/gcc/arm-none-eabi/13.2.1/../../../arm-none-eabi/lib/thumb/v7e-m/nofp/libc.a(libc_a-__atexit.o)
                              /usr/lib/gcc/arm-none-eabi/13.2.1/../../../arm-none-eabi/lib/thumb/v7e-m/nofp/libc.a(libc_a-atexit.o) (__register_exitproc)
/usr/lib/gcc/arm-none-eabi/13.2.1/../../../arm-none-eabi/lib/thumb/v7e-m/nofp/libc.a(libc_a-writer.o)
                              /usr/lib/gcc/arm-none-eabi/13.2.1/../../../arm-none-eabi/lib/thumb/v7e-m/nofp/libc.a(libc_a-stdio.o) (_write_r)
/usr/lib/gcc/arm-none-eabi/13.2.1/../../../arm-none-eabi/lib/thumb/v7e-m/nofp/libc.a(libc_a-mlock.o)
                              /usr/lib/gcc/arm-none-eabi/13.2.1/../../../arm-none-eabi/lib/thumb/v7e-m/nofp/libc.a(libc_a-mallocr.o) (__malloc_lock)
/usr/lib/gcc/arm-none-eabi/13.2.1/../../../arm-none-eabi/lib/thumb/v7e-m/nofp/libc.a(libc_a-sbrkr.o)
                              /usr/lib/gcc/arm-none-eabi/13.2.1/../../../arm-none-eabi/lib/thumb/v7e-m/nofp/libc.a(libc_a-mallocr.o) (_sbrk_r)
/usr/lib/gcc/arm-none-eabi/13.2.1/../../../arm-none-eabi/lib/thumb/v7e-m/nofp/libc.a(libc_a-closer.o)
                              /usr/lib/gcc/arm-none-eabi/13.2.1/../../../arm-none-eabi/lib/thumb/v7e-m/nofp/libc.a(libc_a-stdio.o) (_close_r)
/usr/lib/gcc/arm-none-eabi/13.2.1/../../../arm-none-eabi/lib/thumb/v7e-m/nofp/libc.a(libc_a-fflush.o)
[...]
Memory Configuration

Name             Origin             Length             Attributes
RAM              0x20000000         0x00005000         xrw
FLASH            0x08000000         0x00020000         xr
*default*        0x00000000         0xffffffff

Linker script and memory map

LOAD /usr/lib/gcc/arm-none-eabi/13.2.1/thumb/v7e-m/nofp/crti.o
LOAD /usr/lib/gcc/arm-none-eabi/13.2.1/thumb/v7e-m/nofp/crtbegin.o
LOAD /usr/lib/gcc/arm-none-eabi/13.2.1/../../../arm-none-eabi/lib/thumb/v7e-m/nofp/crt0.o
LOAD /usr/lib/gcc/arm-none-eabi/13.2.1/../../../arm-none-eabi/lib/thumb/v7e-m/nofp/libstdc++.a
LOAD CMakeFiles/Servo.elf.dir/Core/Src/gpio.c.obj
LOAD CMakeFiles/Servo.elf.dir/Core/Src/main.c.obj
LOAD CMakeFiles/Servo.elf.dir/Core/Src/stm32f1xx_hal_msp.c.obj
LOAD CMakeFiles/Servo.elf.dir/Core/Src/stm32f1xx_it.c.obj
LOAD CMakeFiles/Servo.elf.dir/Core/Src/syscalls.c.obj
LOAD CMakeFiles/Servo.elf.dir/Core/Src/sysmem.c.obj
LOAD CMakeFiles/Servo.elf.dir/Core/Src/system_stm32f1xx.c.obj
LOAD CMakeFiles/Servo.elf.dir/Core/Src/tim.c.obj
LOAD CMakeFiles/Servo.elf.dir/Core/Src/usart.c.obj
LOAD CMakeFiles/Servo.elf.dir/Drivers/STM32F1xx_HAL_Driver/Src/stm32f1xx_hal.c.obj
LOAD CMakeFiles/Servo.elf.dir/Drivers/STM32F1xx_HAL_Driver/Src/stm32f1xx_hal_cortex.c.obj
LOAD CMakeFiles/Servo.elf.dir/Drivers/STM32F1xx_HAL_Driver/Src/stm32f1xx_hal_dma.c.obj
LOAD CMakeFiles/Servo.elf.dir/Drivers/STM32F1xx_HAL_Driver/Src/stm32f1xx_hal_exti.c.obj
LOAD CMakeFiles/Servo.elf.dir/Drivers/STM32F1xx_HAL_Driver/Src/stm32f1xx_hal_flash.c.obj
LOAD CMakeFiles/Servo.elf.dir/Drivers/STM32F1xx_HAL_Driver/Src/stm32f1xx_hal_flash_ex.c.obj
LOAD CMakeFiles/Servo.elf.dir/Drivers/STM32F1xx_HAL_Driver/Src/stm32f1xx_hal_gpio.c.obj
LOAD CMakeFiles/Servo.elf.dir/Drivers/STM32F1xx_HAL_Driver/Src/stm32f1xx_hal_gpio_ex.c.obj
LOAD CMakeFiles/Servo.elf.dir/Drivers/STM32F1xx_HAL_Driver/Src/stm32f1xx_hal_pwr.c.obj
LOAD CMakeFiles/Servo.elf.dir/Drivers/STM32F1xx_HAL_Driver/Src/stm32f1xx_hal_rcc.c.obj
LOAD CMakeFiles/Servo.elf.dir/Drivers/STM32F1xx_HAL_Driver/Src/stm32f1xx_hal_rcc_ex.c.obj
LOAD CMakeFiles/Servo.elf.dir/Drivers/STM32F1xx_HAL_Driver/Src/stm32f1xx_hal_tim.c.obj
LOAD CMakeFiles/Servo.elf.dir/Drivers/STM32F1xx_HAL_Driver/Src/stm32f1xx_hal_tim_ex.c.obj
LOAD CMakeFiles/Servo.elf.dir/Drivers/STM32F1xx_HAL_Driver/Src/stm32f1xx_hal_uart.c.obj
LOAD CMakeFiles/Servo.elf.dir/startup_stm32f103xb.s.obj
START GROUP
LOAD /usr/lib/gcc/arm-none-eabi/13.2.1/thumb/v7e-m/nofp/libgcc.a
LOAD /usr/lib/gcc/arm-none-eabi/13.2.1/../../../arm-none-eabi/lib/thumb/v7e-m/nofp/libc.a
END GROUP
START GROUP
LOAD /usr/lib/gcc/arm-none-eabi/13.2.1/thumb/v7e-m/nofp/libgcc.a
LOAD /usr/lib/gcc/arm-none-eabi/13.2.1/../../../arm-none-eabi/lib/thumb/v7e-m/nofp/libc.a
LOAD /usr/lib/gcc/arm-none-eabi/13.2.1/../../../arm-none-eabi/lib/thumb/v7e-m/nofp/libnosys.a
END GROUP
LOAD /usr/lib/gcc/arm-none-eabi/13.2.1/thumb/v7e-m/nofp/crtend.o
LOAD /usr/lib/gcc/arm-none-eabi/13.2.1/thumb/v7e-m/nofp/crtn.o
                0x20005000                        _estack = (ORIGIN (RAM) + LENGTH (RAM))
                0x00000200                        _Min_Heap_Size = 0x200
                0x00000400                        _Min_Stack_Size = 0x400

.isr_vector     0x08000000      0x10c
                0x08000000                        . = ALIGN (0x4)
 *(.isr_vector)
 .isr_vector    0x08000000      0x10c CMakeFiles/Servo.elf.dir/startup_stm32f103xb.s.obj
                0x08000000                g_pfnVectors
                0x0800010c                        . = ALIGN (0x4)

.text           0x0800010c     0x17bc
                0x0800010c                        . = ALIGN (0x4)
 *(.text)
 .text          0x0800010c       0x88 /usr/lib/gcc/arm-none-eabi/13.2.1/thumb/v7e-m/nofp/crtbegin.o
 .text          0x08000194       0xa4 /usr/lib/gcc/arm-none-eabi/13.2.1/../../../arm-none-eabi/lib/thumb/v7e-m/nofp/libc.a(libc_a-memset.o)
                0x08000194                memset
 .text          0x08000238       0x50 /usr/lib/gcc/arm-none-eabi/13.2.1/../../../arm-none-eabi/lib/thumb/v7e-m/nofp/libc.a(libc_a-init.o)
                0x08000238                __libc_init_array
 .text          0x08000288        0xc /usr/lib/gcc/arm-none-eabi/13.2.1/../../../arm-none-eabi/lib/thumb/v7e-m/nofp/libc.a(libc_a-atexit.o)
                0x08000288                atexit
 .text          0x08000294       0x28 /usr/lib/gcc/arm-none-eabi/13.2.1/../../../arm-none-eabi/lib/thumb/v7e-m/nofp/libc.a(libc_a-fini.o)
                0x08000294                __libc_fini_array
 .text          0x080002bc       0x64 /usr/lib/gcc/arm-none-eabi/13.2.1/../../../arm-none-eabi/lib/thumb/v7e-m/nofp/libc.a(libc_a-__atexit.o)
                0x080002bc                __register_exitproc
 *(.text*)
 .text.MX_GPIO_Init
                0x08000320       0xb4 CMakeFiles/Servo.elf.dir/Core/Src/gpio.c.obj
                0x08000320                MX_GPIO_Init
 .text.Error_Handler
                0x080003d4        0x4 CMakeFiles/Servo.elf.dir/Core/Src/main.c.obj
                0x080003d4                Error_Handler
 .text.SystemClock_Config
                0x080003d8       0x68 CMakeFiles/Servo.elf.dir/Core/Src/main.c.obj
                0x080003d8                SystemClock_Config
 .text.main     0x08000440       0x18 CMakeFiles/Servo.elf.dir/Core/Src/main.c.obj
                0x08000440                main
 .text.HAL_MspInit
                0x08000458       0x44 CMakeFiles/Servo.elf.dir/Core/Src/stm32f1xx_hal_msp.c.obj
                0x08000458                HAL_MspInit
 .text.NMI_Handler
                0x0800049c        0x2 CMakeFiles/Servo.elf.dir/Core/Src/stm32f1xx_it.c.obj
                0x0800049c                NMI_Handler
 .text.HardFault_Handler
                0x0800049e        0x2 CMakeFiles/Servo.elf.dir/Core/Src/stm32f1xx_it.c.obj
                0x0800049e                HardFault_Handler
 .text.MemManage_Handler
                0x080004a0        0x2 CMakeFiles/Servo.elf.dir/Core/Src/stm32f1xx_it.c.obj
                0x080004a0                MemManage_Handler
 .text.BusFault_Handler
                0x080004a2        0x2 CMakeFiles/Servo.elf.dir/Core/Src/stm32f1xx_it.c.obj
                0x080004a2                BusFault_Handler
 .text.UsageFault_Handler
                0x080004a4        0x2 CMakeFiles/Servo.elf.dir/Core/Src/stm32f1xx_it.c.obj
                0x080004a4                UsageFault_Handler
 .text.SVC_Handler
                0x080004a6        0x2 CMakeFiles/Servo.elf.dir/Core/Src/stm32f1xx_it.c.obj
                0x080004a6                SVC_Handler
 .text.DebugMon_Handler
                0x080004a8        0x2 CMakeFiles/Servo.elf.dir/Core/Src/stm32f1xx_it.c.obj
                0x080004a8                DebugMon_Handler
 .text.PendSV_Handler
                0x080004aa        0x2 CMakeFiles/Servo.elf.dir/Core/Src/stm32f1xx_it.c.obj
                0x080004aa                PendSV_Handler
 .text.SysTick_Handler
                0x080004ac        0x8 CMakeFiles/Servo.elf.dir/Core/Src/stm32f1xx_it.c.obj
                0x080004ac                SysTick_Handler
 .text.TIM2_IRQHandler
                0x080004b4       0x10 CMakeFiles/Servo.elf.dir/Core/Src/stm32f1xx_it.c.obj
                0x080004b4                TIM2_IRQHandler
 .text.EXTI15_10_IRQHandler
                0x080004c4        0xc CMakeFiles/Servo.elf.dir/Core/Src/stm32f1xx_it.c.obj
                0x080004c4                EXTI15_10_IRQHandler
 .text.SystemInit
                0x080004d0        0x2 CMakeFiles/Servo.elf.dir/Core/Src/system_stm32f1xx.c.obj
                0x080004d0                SystemInit
 .text.HAL_TIM_Base_MspInit
                0x080004d2       0x3a CMakeFiles/Servo.elf.dir/Core/Src/tim.c.obj
                0x080004d2                HAL_TIM_Base_MspInit
 .text.HAL_TIM_MspPostInit
                0x0800050c       0x48 CMakeFiles/Servo.elf.dir/Core/Src/tim.c.obj
                0x0800050c                HAL_TIM_MspPostInit
 .text.MX_TIM2_Init
                0x08000554       0xb0 CMakeFiles/Servo.elf.dir/Core/Src/tim.c.obj
                0x08000554                MX_TIM2_Init
 .text.MX_USART2_UART_Init
                0x08000604       0x34 CMakeFiles/Servo.elf.dir/Core/Src/usart.c.obj
                0x08000604                MX_USART2_UART_Init
 .text.HAL_UART_MspInit
                0x08000638       0x60 CMakeFiles/Servo.elf.dir/Core/Src/usart.c.obj
                0x08000638                HAL_UART_MspInit
 .text.HAL_InitTick
                0x08000698       0x4c CMakeFiles/Servo.elf.dir/Drivers/STM32F1xx_HAL_Driver/Src/stm32f1xx_hal.c.obj
                0x08000698                HAL_InitTick
 .text.HAL_Init
                0x080006e4       0x24 CMakeFiles/Servo.elf.dir/Drivers/STM32F1xx_HAL_Driver/Src/stm32f1xx_hal.c.obj
                0x080006e4                HAL_Init
 .text.HAL_IncTick
                0x08000708       0x18 CMakeFiles/Servo.elf.dir/Drivers/STM32F1xx_HAL_Driver/Src/stm32f1xx_hal.c.obj
                0x08000708                HAL_IncTick
 .text.HAL_GetTick
                0x08000720        0xc CMakeFiles/Servo.elf.dir/Drivers/STM32F1xx_HAL_Driver/Src/stm32f1xx_hal.c.obj
                0x08000720                HAL_GetTick
 .text.__NVIC_SetPriority
                0x0800072c       0x28 CMakeFiles/Servo.elf.dir/Drivers/STM32F1xx_HAL_Driver/Src/stm32f1xx_hal_cortex.c.obj
 .text.NVIC_EncodePriority
                0x08000754       0x3e CMakeFiles/Servo.elf.dir/Drivers/STM32F1xx_HAL_Driver/Src/stm32f1xx_hal_cortex.c.obj
 *fill*         0x08000792        0x2 
 .text.HAL_NVIC_SetPriorityGrouping
                0x08000794       0x24 CMakeFiles/Servo.elf.dir/Drivers/STM32F1xx_HAL_Driver/Src/stm32f1xx_hal_cortex.c.obj
                0x08000794                HAL_NVIC_SetPriorityGrouping
 .text.HAL_NVIC_SetPriority
                0x080007b8       0x20 CMakeFiles/Servo.elf.dir/Drivers/STM32F1xx_HAL_Driver/Src/stm32f1xx_hal_cortex.c.obj
                0x080007b8                HAL_NVIC_SetPriority
 .text.HAL_NVIC_EnableIRQ
                0x080007d8       0x1c CMakeFiles/Servo.elf.dir/Drivers/STM32F1xx_HAL_Driver/Src/stm32f1xx_hal_cortex.c.obj
                0x080007d8                HAL_NVIC_EnableIRQ
 .text.HAL_SYSTICK_Config
                0x080007f4       0x28 CMakeFiles/Servo.elf.dir/Drivers/STM32F1xx_HAL_Driver/Src/stm32f1xx_hal_cortex.c.obj
                0x080007f4                HAL_SYSTICK_Config
 .text.HAL_GPIO_Init
                0x0800081c      0x21c CMakeFiles/Servo.elf.dir/Drivers/STM32F1xx_HAL_Driver/Src/stm32f1xx_hal_gpio.c.obj
                0x0800081c                HAL_GPIO_Init
 .text.HAL_GPIO_WritePin
                0x08000a38        0xc CMakeFiles/Servo.elf.dir/Drivers/STM32F1xx_HAL_Driver/Src/stm32f1xx_hal_gpio.c.obj
                0x08000a38                HAL_GPIO_WritePin
 .text.HAL_GPIO_EXTI_Callback
                0x08000a44        0x2 CMakeFiles/Servo.elf.dir/Drivers/STM32F1xx_HAL_Driver/Src/stm32f1xx_hal_gpio.c.obj
                0x08000a44                HAL_GPIO_EXTI_Callback
 *fill*         0x08000a46        0x2 
 .text.HAL_GPIO_EXTI_IRQHandler
                0x08000a48       0x1c CMakeFiles/Servo.elf.dir/Drivers/STM32F1xx_HAL_Driver/Src/stm32f1xx_hal_gpio.c.obj
                0x08000a48                HAL_GPIO_EXTI_IRQHandler
 .text.RCC_Delay
                0x08000a64       0x2c CMakeFiles/Servo.elf.dir/Drivers/STM32F1xx_HAL_Driver/Src/stm32f1xx_hal_rcc.c.obj
 .text.HAL_RCC_OscConfig
                0x08000a90      0x410 CMakeFiles/Servo.elf.dir/Drivers/STM32F1xx_HAL_Driver/Src/stm32f1xx_hal_rcc.c.obj
                0x08000a90                HAL_RCC_OscConfig
 .text.HAL_RCC_GetSysClockFreq
                0x08000ea0       0x54 CMakeFiles/Servo.elf.dir/Drivers/STM32F1xx_HAL_Driver/Src/stm32f1xx_hal_rcc.c.obj
                0x08000ea0                HAL_RCC_GetSysClockFreq
 .text.HAL_RCC_ClockConfig
                0x08000ef4      0x16c CMakeFiles/Servo.elf.dir/Drivers/STM32F1xx_HAL_Driver/Src/stm32f1xx_hal_rcc.c.obj
                0x08000ef4                HAL_RCC_ClockConfig
 .text.HAL_RCC_GetHCLKFreq
                0x08001060        0xc CMakeFiles/Servo.elf.dir/Drivers/STM32F1xx_HAL_Driver/Src/stm32f1xx_hal_rcc.c.obj
                0x08001060                HAL_RCC_GetHCLKFreq
 .text.HAL_RCC_GetPCLK1Freq
                0x0800106c       0x20 CMakeFiles/Servo.elf.dir/Drivers/STM32F1xx_HAL_Driver/Src/stm32f1xx_hal_rcc.c.obj
                0x0800106c                HAL_RCC_GetPCLK1Freq
 .text.HAL_RCC_GetPCLK2Freq
                0x0800108c       0x20 CMakeFiles/Servo.elf.dir/Drivers/STM32F1xx_HAL_Driver/Src/stm32f1xx_hal_rcc.c.obj
                0x0800108c                HAL_RCC_GetPCLK2Freq
 .text.TIM_OC1_SetConfig
                0x080010ac       0x54 CMakeFiles/Servo.elf.dir/Drivers/STM32F1xx_HAL_Driver/Src/stm32f1xx_hal_tim.c.obj
 .text.TIM_OC3_SetConfig
                0x08001100       0x5c CMakeFiles/Servo.elf.dir/Drivers/STM32F1xx_HAL_Driver/Src/stm32f1xx_hal_tim.c.obj
 .text.TIM_OC4_SetConfig
                0x0800115c       0x48 CMakeFiles/Servo.elf.dir/Drivers/STM32F1xx_HAL_Driver/Src/stm32f1xx_hal_tim.c.obj
 .text.TIM_TI1_ConfigInputStage
                0x080011a4       0x24 CMakeFiles/Servo.elf.dir/Drivers/STM32F1xx_HAL_Driver/Src/stm32f1xx_hal_tim.c.obj
 .text.TIM_TI2_ConfigInputStage
                0x080011c8       0x26 CMakeFiles/Servo.elf.dir/Drivers/STM32F1xx_HAL_Driver/Src/stm32f1xx_hal_tim.c.obj
 .text.TIM_ITRx_SetConfig
                0x080011ee       0x10 CMakeFiles/Servo.elf.dir/Drivers/STM32F1xx_HAL_Driver/Src/stm32f1xx_hal_tim.c.obj
 .text.HAL_TIM_PWM_MspInit
                0x080011fe        0x2 CMakeFiles/Servo.elf.dir/Drivers/STM32F1xx_HAL_Driver/Src/stm32f1xx_hal_tim.c.obj
                0x080011fe                HAL_TIM_PWM_MspInit
 .text.HAL_TIM_PeriodElapsedCallback
                0x08001200        0x2 CMakeFiles/Servo.elf.dir/Drivers/STM32F1xx_HAL_Driver/Src/stm32f1xx_hal_tim.c.obj
                0x08001200                HAL_TIM_PeriodElapsedCallback
 .text.HAL_TIM_OC_DelayElapsedCallback
                0x08001202        0x2 CMakeFiles/Servo.elf.dir/Drivers/STM32F1xx_HAL_Driver/Src/stm32f1xx_hal_tim.c.obj
                0x08001202                HAL_TIM_OC_DelayElapsedCallback
 .text.HAL_TIM_IC_CaptureCallback
                0x08001204        0x2 CMakeFiles/Servo.elf.dir/Drivers/STM32F1xx_HAL_Driver/Src/stm32f1xx_hal_tim.c.obj
                0x08001204                HAL_TIM_IC_CaptureCallback
 .text.HAL_TIM_PWM_PulseFinishedCallback
                0x08001206        0x2 CMakeFiles/Servo.elf.dir/Drivers/STM32F1xx_HAL_Driver/Src/stm32f1xx_hal_tim.c.obj
                0x08001206                HAL_TIM_PWM_PulseFinishedCallback
 .text.HAL_TIM_TriggerCallback
                0x08001208        0x2 CMakeFiles/Servo.elf.dir/Drivers/STM32F1xx_HAL_Driver/Src/stm32f1xx_hal_tim.c.obj
                0x08001208                HAL_TIM_TriggerCallback
 .text.HAL_TIM_IRQHandler
                0x0800120a      0x15e CMakeFiles/Servo.elf.dir/Drivers/STM32F1xx_HAL_Driver/Src/stm32f1xx_hal_tim.c.obj
                0x0800120a                HAL_TIM_IRQHandler
 .text.TIM_Base_SetConfig
                0x08001368       0x84 CMakeFiles/Servo.elf.dir/Drivers/STM32F1xx_HAL_Driver/Src/stm32f1xx_hal_tim.c.obj
                0x08001368                TIM_Base_SetConfig
 .text.HAL_TIM_Base_Init
                0x080013ec       0x58 CMakeFiles/Servo.elf.dir/Drivers/STM32F1xx_HAL_Driver/Src/stm32f1xx_hal_tim.c.obj
                0x080013ec                HAL_TIM_Base_Init
 .text.HAL_TIM_PWM_Init
                0x08001444       0x58 CMakeFiles/Servo.elf.dir/Drivers/STM32F1xx_HAL_Driver/Src/stm32f1xx_hal_tim.c.obj
                0x08001444                HAL_TIM_PWM_Init
 .text.TIM_OC2_SetConfig
                0x0800149c       0x5c CMakeFiles/Servo.elf.dir/Drivers/STM32F1xx_HAL_Driver/Src/stm32f1xx_hal_tim.c.obj
                0x0800149c                TIM_OC2_SetConfig
 .text.HAL_TIM_PWM_ConfigChannel
                0x080014f8       0xdc CMakeFiles/Servo.elf.dir/Drivers/STM32F1xx_HAL_Driver/Src/stm32f1xx_hal_tim.c.obj
                0x080014f8                HAL_TIM_PWM_ConfigChannel
 .text.TIM_ETR_SetConfig
                0x080015d4       0x18 CMakeFiles/Servo.elf.dir/Drivers/STM32F1xx_HAL_Driver/Src/stm32f1xx_hal_tim.c.obj
                0x080015d4                TIM_ETR_SetConfig
 .text.HAL_TIM_ConfigClockSource
                0x080015ec       0xfe CMakeFiles/Servo.elf.dir/Drivers/STM32F1xx_HAL_Driver/Src/stm32f1xx_hal_tim.c.obj
                0x080015ec                HAL_TIM_ConfigClockSource
 *fill*         0x080016ea        0x2 
 .text.HAL_TIMEx_MasterConfigSynchronization
                0x080016ec       0x6c CMakeFiles/Servo.elf.dir/Drivers/STM32F1xx_HAL_Driver/Src/stm32f1xx_hal_tim_ex.c.obj
                0x080016ec                HAL_TIMEx_MasterConfigSynchronization
 .text.HAL_TIMEx_CommutCallback
                0x08001758        0x2 CMakeFiles/Servo.elf.dir/Drivers/STM32F1xx_HAL_Driver/Src/stm32f1xx_hal_tim_ex.c.obj
                0x08001758                HAL_TIMEx_CommutCallback
 .text.HAL_TIMEx_BreakCallback
                0x0800175a        0x2 CMakeFiles/Servo.elf.dir/Drivers/STM32F1xx_HAL_Driver/Src/stm32f1xx_hal_tim_ex.c.obj
                0x0800175a                HAL_TIMEx_BreakCallback
 .text.UART_SetConfig
                0x0800175c       0x94 CMakeFiles/Servo.elf.dir/Drivers/STM32F1xx_HAL_Driver/Src/stm32f1xx_hal_uart.c.obj
 .text.HAL_UART_Init
                0x080017f0       0x60 CMakeFiles/Servo.elf.dir/Drivers/STM32F1xx_HAL_Driver/Src/stm32f1xx_hal_uart.c.obj
                0x080017f0                HAL_UART_Init
 .text.Reset_Handler
                0x08001850       0x48 CMakeFiles/Servo.elf.dir/startup_stm32f103xb.s.obj
                0x08001850                Reset_Handler
 .text.Default_Handler
                0x08001898        0x2 CMakeFiles/Servo.elf.dir/startup_stm32f103xb.s.obj
                0x08001898                RTC_Alarm_IRQHandler
                0x08001898                EXTI2_IRQHandler
                0x08001898                TIM1_CC_IRQHandler
                0x08001898                PVD_IRQHandler
                0x08001898                EXTI3_IRQHandler
                0x08001898                EXTI0_IRQHandler
                0x08001898                I2C2_EV_IRQHandler
                0x08001898                ADC1_2_IRQHandler
                0x08001898                SPI1_IRQHandler
                0x08001898                TAMPER_IRQHandler
                0x08001898                DMA1_Channel4_IRQHandler
                0x08001898                USART3_IRQHandler
                0x08001898                RTC_IRQHandler
                0x08001898                DMA1_Channel7_IRQHandler
                0x08001898                CAN1_RX1_IRQHandler
                0x08001898                TIM4_IRQHandler
                0x08001898                I2C1_EV_IRQHandler
                0x08001898                DMA1_Channel6_IRQHandler
                0x08001898                TIM3_IRQHandler
                0x08001898                RCC_IRQHandler
                0x08001898                TIM1_TRG_COM_IRQHandler
                0x08001898                DMA1_Channel1_IRQHandler
                0x08001898                Default_Handler
                0x08001898                EXTI9_5_IRQHandler
                0x08001898                SPI2_IRQHandler
                0x08001898                DMA1_Channel5_IRQHandler
                0x08001898                EXTI4_IRQHandler
                0x08001898                USB_LP_CAN1_RX0_IRQHandler
                0x08001898                USB_HP_CAN1_TX_IRQHandler
                0x08001898                DMA1_Channel3_IRQHandler
                0x08001898                TIM1_UP_IRQHandler
                0x08001898                WWDG_IRQHandler
                0x08001898                TIM1_BRK_IRQHandler
                0x08001898                EXTI1_IRQHandler
                0x08001898                USART2_IRQHandler
                0x08001898                I2C2_ER_IRQHandler
                0x08001898                DMA1_Channel2_IRQHandler
                0x08001898                CAN1_SCE_IRQHandler
                0x08001898                FLASH_IRQHandler
                0x08001898                USART1_IRQHandler
                0x08001898                I2C1_ER_IRQHandler
                0x08001898                USBWakeUp_IRQHandler
 *fill*         0x0800189a        0x2 
 .text.startup  0x0800189c       0x14 /usr/lib/gcc/arm-none-eabi/13.2.1/../../../arm-none-eabi/lib/thumb/v7e-m/nofp/libc.a(libc_a-__call_atexit.o)
 *(.glue_7)
 .glue_7        0x080018b0        0x0 linker stubs
 *(.glue_7t)
 .glue_7t       0x080018b0        0x0 linker stubs
 *(.eh_frame)
 .eh_frame      0x080018b0        0x0 /usr/lib/gcc/arm-none-eabi/13.2.1/thumb/v7e-m/nofp/crtbegin.o
 *(.init)
 .init          0x080018b0        0x4 /usr/lib/gcc/arm-none-eabi/13.2.1/thumb/v7e-m/nofp/crti.o
                0x080018b0                _init
 .init          0x080018b4        0x8 /usr/lib/gcc/arm-none-eabi/13.2.1/thumb/v7e-m/nofp/crtn.o
 *(.fini)
 .fini          0x080018bc        0x4 /usr/lib/gcc/arm-none-eabi/13.2.1/thumb/v7e-m/nofp/crti.o
                0x080018bc                _fini
 .fini          0x080018c0        0x8 /usr/lib/gcc/arm-none-eabi/13.2.1/thumb/v7e-m/nofp/crtn.o
                0x080018c8                        . = ALIGN (0x4)
                0x080018c8                        _etext = .

.vfp11_veneer   0x080018c8        0x0
 .vfp11_veneer  0x080018c8        0x0 linker stubs

.v4_bx          0x080018c8        0x0
 .v4_bx         0x080018c8        0x0 linker stubs

.iplt           0x080018c8        0x0
 .iplt          0x080018c8        0x0 /usr/lib/gcc/arm-none-eabi/13.2.1/thumb/v7e-m/nofp/crtbegin.o

.rodata         0x080018c8       0x2c
                0x080018c8                        . = ALIGN (0x4)
 *(.rodata)
 *(.rodata*)
 .rodata.APBPrescTable
                0x080018c8        0x8 CMakeFiles/Servo.elf.dir/Core/Src/system_stm32f1xx.c.obj
                0x080018c8                APBPrescTable
 .rodata.AHBPrescTable
                0x080018d0       0x10 CMakeFiles/Servo.elf.dir/Core/Src/system_stm32f1xx.c.obj
                0x080018d0                AHBPrescTable
 .rodata.aPredivFactorTable.0
                0x080018e0        0x2 CMakeFiles/Servo.elf.dir/Drivers/STM32F1xx_HAL_Driver/Src/stm32f1xx_hal_rcc.c.obj
 *fill*         0x080018e2        0x2 
 .rodata.aPLLMULFactorTable.1
                0x080018e4       0x10 CMakeFiles/Servo.elf.dir/Drivers/STM32F1xx_HAL_Driver/Src/stm32f1xx_hal_rcc.c.obj
                0x080018f4                        . = ALIGN (0x4)

.rel.dyn        0x080018f4        0x0
 .rel.iplt      0x080018f4        0x0 /usr/lib/gcc/arm-none-eabi/13.2.1/thumb/v7e-m/nofp/crtbegin.o

.ARM.extab
 *(.ARM.extab* .gnu.linkonce.armextab.*)

.ARM            0x080018f4        0x0
                0x080018f4                        __exidx_start = .
 *(.ARM.exidx*)
                0x080018f4                        __exidx_end = .

.preinit_array  0x080018f4        0x0
                0x080018f4                        PROVIDE (__preinit_array_start = .)
 *(.preinit_array*)
                0x080018f4                        PROVIDE (__preinit_array_end = .)

.init_array     0x080018f4        0x8
                0x080018f4                        PROVIDE (__init_array_start = .)
 *(SORT_BY_NAME(.init_array.*))
 .init_array.00000
                0x080018f4        0x4 /usr/lib/gcc/arm-none-eabi/13.2.1/../../../arm-none-eabi/lib/thumb/v7e-m/nofp/libc.a(libc_a-__call_atexit.o)
 *(.init_array*)
 .init_array    0x080018f8        0x4 /usr/lib/gcc/arm-none-eabi/13.2.1/thumb/v7e-m/nofp/crtbegin.o
                0x080018fc                        PROVIDE (__init_array_end = .)

.fini_array     0x080018fc        0x4
                0x080018fc                        PROVIDE (__fini_array_start = .)
 *(SORT_BY_NAME(.fini_array.*))
 *(.fini_array*)
 .fini_array    0x080018fc        0x4 /usr/lib/gcc/arm-none-eabi/13.2.1/thumb/v7e-m/nofp/crtbegin.o
                0x08001900                        PROVIDE (__fini_array_end = .)
                0x08001900                        _sidata = LOADADDR (.data)

.data           0x20000000        0xc load address 0x08001900
                0x20000000                        . = ALIGN (0x4)
                0x20000000                        _sdata = .
 *(.data)
 *(.data*)
 .data.SystemCoreClock
                0x20000000        0x4 CMakeFiles/Servo.elf.dir/Core/Src/system_stm32f1xx.c.obj
                0x20000000                SystemCoreClock
 .data.uwTickFreq
                0x20000004        0x1 CMakeFiles/Servo.elf.dir/Drivers/STM32F1xx_HAL_Driver/Src/stm32f1xx_hal.c.obj
                0x20000004                uwTickFreq
 *fill*         0x20000005        0x3 
 .data.uwTickPrio
                0x20000008        0x4 CMakeFiles/Servo.elf.dir/Drivers/STM32F1xx_HAL_Driver/Src/stm32f1xx_hal.c.obj
                0x20000008                uwTickPrio
                0x2000000c                        . = ALIGN (0x4)
                0x2000000c                        _edata = .

.tm_clone_table
                0x2000000c        0x0 load address 0x0800190c
 .tm_clone_table
                0x2000000c        0x0 /usr/lib/gcc/arm-none-eabi/13.2.1/thumb/v7e-m/nofp/crtbegin.o
 .tm_clone_table
                0x2000000c        0x0 /usr/lib/gcc/arm-none-eabi/13.2.1/thumb/v7e-m/nofp/crtend.o

.igot.plt       0x2000000c        0x0 load address 0x0800190c
 .igot.plt      0x2000000c        0x0 /usr/lib/gcc/arm-none-eabi/13.2.1/thumb/v7e-m/nofp/crtbegin.o
                0x2000000c                        . = ALIGN (0x4)

.bss            0x2000000c      0x244 load address 0x0800190c
                0x2000000c                        _sbss = .
                0x2000000c                        __bss_start__ = _sbss
 *(.bss)
 .bss           0x2000000c       0x1c /usr/lib/gcc/arm-none-eabi/13.2.1/thumb/v7e-m/nofp/crtbegin.o
 .bss           0x20000028        0x4 /usr/lib/gcc/arm-none-eabi/13.2.1/../../../arm-none-eabi/lib/thumb/v7e-m/nofp/libc.a(libc_a-__call_atexit.o)
                0x20000028                __atexit
 .bss           0x2000002c      0x190 /usr/lib/gcc/arm-none-eabi/13.2.1/../../../arm-none-eabi/lib/thumb/v7e-m/nofp/libc.a(libc_a-__atexit.o)
                0x2000002c                __atexit0
 *(.bss*)
 .bss.htim2     0x200001bc       0x48 CMakeFiles/Servo.elf.dir/Core/Src/tim.c.obj
                0x200001bc                htim2
 .bss.huart2    0x20000204       0x48 CMakeFiles/Servo.elf.dir/Core/Src/usart.c.obj
                0x20000204                huart2
 .bss.uwTick    0x2000024c        0x4 CMakeFiles/Servo.elf.dir/Drivers/STM32F1xx_HAL_Driver/Src/stm32f1xx_hal.c.obj
                0x2000024c                uwTick
 *(COMMON)
                0x20000250                        . = ALIGN (0x4)
                0x20000250                        _ebss = .
                0x20000250                        __bss_end__ = _ebss

._user_heap_stack
                0x20000250      0x600 load address 0x0800190c
                0x20000250                        . = ALIGN (0x8)
                [!provide]                        PROVIDE (end = .)
                0x20000250                        PROVIDE (_end = .)
                0x20000450                        . = (. + _Min_Heap_Size)
 *fill*         0x20000250      0x200 
                0x20000850                        . = (. + _Min_Stack_Size)
 *fill*         0x20000450      0x400 
                0x20000850                        . = ALIGN (0x8)

/DISCARD/
 libc.a(*)
 libm.a(*)
 libgcc.a(*)

.ARM.attributes
                0x00000000       0x2a
 *(.ARM.attributes)
 .ARM.attributes
                0x00000000       0x1e /usr/lib/gcc/arm-none-eabi/13.2.1/thumb/v7e-m/nofp/crti.o
 .ARM.attributes
                0x0000001e       0x2e /usr/lib/gcc/arm-none-eabi/13.2.1/thumb/v7e-m/nofp/crtbegin.o
 .ARM.attributes
                0x0000004c       0x2e CMakeFiles/Servo.elf.dir/Core/Src/gpio.c.obj
 .ARM.attributes
                0x0000007a       0x2e CMakeFiles/Servo.elf.dir/Core/Src/main.c.obj
 .ARM.attributes
                0x000000a8       0x2e CMakeFiles/Servo.elf.dir/Core/Src/stm32f1xx_hal_msp.c.obj
 .ARM.attributes
                0x000000d6       0x2e CMakeFiles/Servo.elf.dir/Core/Src/stm32f1xx_it.c.obj
 .ARM.attributes
                0x00000104       0x2e CMakeFiles/Servo.elf.dir/Core/Src/system_stm32f1xx.c.obj
 .ARM.attributes
                0x00000132       0x2e CMakeFiles/Servo.elf.dir/Core/Src/tim.c.obj
 .ARM.attributes
                0x00000160       0x2e CMakeFiles/Servo.elf.dir/Core/Src/usart.c.obj
 .ARM.attributes
                0x0000018e       0x2e CMakeFiles/Servo.elf.dir/Drivers/STM32F1xx_HAL_Driver/Src/stm32f1xx_hal.c.obj
 .ARM.attributes
                0x000001bc       0x2e CMakeFiles/Servo.elf.dir/Drivers/STM32F1xx_HAL_Driver/Src/stm32f1xx_hal_cortex.c.obj
 .ARM.attributes
                0x000001ea       0x2e CMakeFiles/Servo.elf.dir/Drivers/STM32F1xx_HAL_Driver/Src/stm32f1xx_hal_gpio.c.obj
 .ARM.attributes
                0x00000218       0x2e CMakeFiles/Servo.elf.dir/Drivers/STM32F1xx_HAL_Driver/Src/stm32f1xx_hal_rcc.c.obj
 .ARM.attributes
                0x00000246       0x2e CMakeFiles/Servo.elf.dir/Drivers/STM32F1xx_HAL_Driver/Src/stm32f1xx_hal_tim.c.obj
 .ARM.attributes
                0x00000274       0x2e CMakeFiles/Servo.elf.dir/Drivers/STM32F1xx_HAL_Driver/Src/stm32f1xx_hal_tim_ex.c.obj
 .ARM.attributes
                0x000002a2       0x2e CMakeFiles/Servo.elf.dir/Drivers/STM32F1xx_HAL_Driver/Src/stm32f1xx_hal_uart.c.obj
 .ARM.attributes
                0x000002d0       0x21 CMakeFiles/Servo.elf.dir/startup_stm32f103xb.s.obj
 .ARM.attributes
                0x000002f1       0x2e /usr/lib/gcc/arm-none-eabi/13.2.1/../../../arm-none-eabi/lib/thumb/v7e-m/nofp/libc.a(libc_a-memset.o)
 .ARM.attributes
                0x0000031f       0x2e /usr/lib/gcc/arm-none-eabi/13.2.1/../../../arm-none-eabi/lib/thumb/v7e-m/nofp/libc.a(libc_a-init.o)
 .ARM.attributes
                0x0000034d       0x2e /usr/lib/gcc/arm-none-eabi/13.2.1/../../../arm-none-eabi/lib/thumb/v7e-m/nofp/libc.a(libc_a-atexit.o)
 .ARM.attributes
                0x0000037b       0x2e /usr/lib/gcc/arm-none-eabi/13.2.1/../../../arm-none-eabi/lib/thumb/v7e-m/nofp/libc.a(libc_a-fini.o)
 .ARM.attributes
                0x000003a9       0x2e /usr/lib/gcc/arm-none-eabi/13.2.1/../../../arm-none-eabi/lib/thumb/v7e-m/nofp/libc.a(libc_a-__call_atexit.o)
 .ARM.attributes
                0x000003d7       0x2e /usr/lib/gcc/arm-none-eabi/13.2.1/../../../arm-none-eabi/lib/thumb/v7e-m/nofp/libc.a(libc_a-__atexit.o)
 .ARM.attributes
                0x00000405       0x2e /usr/lib/gcc/arm-none-eabi/13.2.1/thumb/v7e-m/nofp/crtend.o
 .ARM.attributes
                0x00000433       0x1e /usr/lib/gcc/arm-none-eabi/13.2.1/thumb/v7e-m/nofp/crtn.o
OUTPUT(Servo.elf elf32-littlearm)
LOAD linker stubs
LOAD /usr/lib/gcc/arm-none-eabi/13.2.1/../../../arm-none-eabi/lib/thumb/v7e-m/nofp/libc.a
LOAD /usr/lib/gcc/arm-none-eabi/13.2.1/../../../arm-none-eabi/lib/thumb/v7e-m/nofp/libm.a
LOAD /usr/lib/gcc/arm-none-eabi/13.2.1/thumb/v7e-m/nofp/libgcc.a

.comment        0x00000000       0x26
 .comment       0x00000000       0x26 /usr/lib/gcc/arm-none-eabi/13.2.1/thumb/v7e-m/nofp/crtbegin.o
                                 0x27 (size before relaxing)
 .comment       0x00000026       0x27 CMakeFiles/Servo.elf.dir/Core/Src/gpio.c.obj
 .comment       0x00000026       0x27 CMakeFiles/Servo.elf.dir/Core/Src/main.c.obj
 .comment       0x00000026       0x27 CMakeFiles/Servo.elf.dir/Core/Src/stm32f1xx_hal_msp.c.obj
 .comment       0x00000026       0x27 CMakeFiles/Servo.elf.dir/Core/Src/stm32f1xx_it.c.obj
 .comment       0x00000026       0x27 CMakeFiles/Servo.elf.dir/Core/Src/system_stm32f1xx.c.obj
 .comment       0x00000026       0x27 CMakeFiles/Servo.elf.dir/Core/Src/tim.c.obj
 .comment       0x00000026       0x27 CMakeFiles/Servo.elf.dir/Core/Src/usart.c.obj
 .comment       0x00000026       0x27 CMakeFiles/Servo.elf.dir/Drivers/STM32F1xx_HAL_Driver/Src/stm32f1xx_hal.c.obj
 .comment       0x00000026       0x27 CMakeFiles/Servo.elf.dir/Drivers/STM32F1xx_HAL_Driver/Src/stm32f1xx_hal_cortex.c.obj
 .comment       0x00000026       0x27 CMakeFiles/Servo.elf.dir/Drivers/STM32F1xx_HAL_Driver/Src/stm32f1xx_hal_gpio.c.obj
 .comment       0x00000026       0x27 CMakeFiles/Servo.elf.dir/Drivers/STM32F1xx_HAL_Driver/Src/stm32f1xx_hal_rcc.c.obj
 .comment       0x00000026       0x27 CMakeFiles/Servo.elf.dir/Drivers/STM32F1xx_HAL_Driver/Src/stm32f1xx_hal_tim.c.obj
 .comment       0x00000026       0x27 CMakeFiles/Servo.elf.dir/Drivers/STM32F1xx_HAL_Driver/Src/stm32f1xx_hal_tim_ex.c.obj
 .comment       0x00000026       0x27 CMakeFiles/Servo.elf.dir/Drivers/STM32F1xx_HAL_Driver/Src/stm32f1xx_hal_uart.c.obj
 .comment       0x00000026       0x27 /usr/lib/gcc/arm-none-eabi/13.2.1/../../../arm-none-eabi/lib/thumb/v7e-m/nofp/libc.a(libc_a-memset.o)
 .comment       0x00000026       0x27 /usr/lib/gcc/arm-none-eabi/13.2.1/../../../arm-none-eabi/lib/thumb/v7e-m/nofp/libc.a(libc_a-init.o)
 .comment       0x00000026       0x27 /usr/lib/gcc/arm-none-eabi/13.2.1/../../../arm-none-eabi/lib/thumb/v7e-m/nofp/libc.a(libc_a-atexit.o)
 .comment       0x00000026       0x27 /usr/lib/gcc/arm-none-eabi/13.2.1/../../../arm-none-eabi/lib/thumb/v7e-m/nofp/libc.a(libc_a-fini.o)
 .comment       0x00000026       0x27 /usr/lib/gcc/arm-none-eabi/13.2.1/../../../arm-none-eabi/lib/thumb/v7e-m/nofp/libc.a(libc_a-__call_atexit.o)
 .comment       0x00000026       0x27 /usr/lib/gcc/arm-none-eabi/13.2.1/../../../arm-none-eabi/lib/thumb/v7e-m/nofp/libc.a(libc_a-__atexit.o)
 .comment       0x00000026       0x27 /usr/lib/gcc/arm-none-eabi/13.2.1/thumb/v7e-m/nofp/crtend.o

.debug_info     0x00000000     0xe9d5
 .debug_info    0x00000000      0x4b6 CMakeFiles/Servo.elf.dir/Core/Src/gpio.c.obj
 .debug_info    0x000004b6      0x31d CMakeFiles/Servo.elf.dir/Core/Src/main.c.obj
 .debug_info    0x000007d3      0x1e1 CMakeFiles/Servo.elf.dir/Core/Src/stm32f1xx_hal_msp.c.obj
 .debug_info    0x000009b4      0x6ea CMakeFiles/Servo.elf.dir/Core/Src/stm32f1xx_it.c.obj
 .debug_info    0x0000109e      0x20c CMakeFiles/Servo.elf.dir/Core/Src/system_stm32f1xx.c.obj
 .debug_info    0x000012aa      0xcc7 CMakeFiles/Servo.elf.dir/Core/Src/tim.c.obj
 .debug_info    0x00001f71      0x7c9 CMakeFiles/Servo.elf.dir/Core/Src/usart.c.obj
 .debug_info    0x0000273a      0x78f CMakeFiles/Servo.elf.dir/Drivers/STM32F1xx_HAL_Driver/Src/stm32f1xx_hal.c.obj
 .debug_info    0x00002ec9      0xcae CMakeFiles/Servo.elf.dir/Drivers/STM32F1xx_HAL_Driver/Src/stm32f1xx_hal_cortex.c.obj
 .debug_info    0x00003b77      0x5e5 CMakeFiles/Servo.elf.dir/Drivers/STM32F1xx_HAL_Driver/Src/stm32f1xx_hal_gpio.c.obj
 .debug_info    0x0000415c      0x99c CMakeFiles/Servo.elf.dir/Drivers/STM32F1xx_HAL_Driver/Src/stm32f1xx_hal_rcc.c.obj
 .debug_info    0x00004af8     0x3bf0 CMakeFiles/Servo.elf.dir/Drivers/STM32F1xx_HAL_Driver/Src/stm32f1xx_hal_tim.c.obj
 .debug_info    0x000086e8     0x1a8d CMakeFiles/Servo.elf.dir/Drivers/STM32F1xx_HAL_Driver/Src/stm32f1xx_hal_tim_ex.c.obj
 .debug_info    0x0000a175     0x3f5a CMakeFiles/Servo.elf.dir/Drivers/STM32F1xx_HAL_Driver/Src/stm32f1xx_hal_uart.c.obj
 .debug_info    0x0000e0cf       0x30 CMakeFiles/Servo.elf.dir/startup_stm32f103xb.s.obj
 .debug_info    0x0000e0ff      0x135 /usr/lib/gcc/arm-none-eabi/13.2.1/../../../arm-none-eabi/lib/thumb/v7e-m/nofp/libc.a(libc_a-memset.o)
 .debug_info    0x0000e234      0x10b /usr/lib/gcc/arm-none-eabi/13.2.1/../../../arm-none-eabi/lib/thumb/v7e-m/nofp/libc.a(libc_a-init.o)
 .debug_info    0x0000e33f      0x11e /usr/lib/gcc/arm-none-eabi/13.2.1/../../../arm-none-eabi/lib/thumb/v7e-m/nofp/libc.a(libc_a-atexit.o)
 .debug_info    0x0000e45d       0xf7 /usr/lib/gcc/arm-none-eabi/13.2.1/../../../arm-none-eabi/lib/thumb/v7e-m/nofp/libc.a(libc_a-fini.o)
 .debug_info    0x0000e554      0x284 /usr/lib/gcc/arm-none-eabi/13.2.1/../../../arm-none-eabi/lib/thumb/v7e-m/nofp/libc.a(libc_a-__call_atexit.o)
 .debug_info    0x0000e7d8      0x1fd /usr/lib/gcc/arm-none-eabi/13.2.1/../../../arm-none-eabi/lib/thumb/v7e-m/nofp/libc.a(libc_a-__atexit.o)

.debug_abbrev   0x00000000     0x23e2
 .debug_abbrev  0x00000000      0x173 CMakeFiles/Servo.elf.dir/Core/Src/gpio.c.obj
 .debug_abbrev  0x00000173      0x18c CMakeFiles/Servo.elf.dir/Core/Src/main.c.obj
 .debug_abbrev  0x000002ff       0xed CMakeFiles/Servo.elf.dir/Core/Src/stm32f1xx_hal_msp.c.obj
 .debug_abbrev  0x000003ec      0x1c1 CMakeFiles/Servo.elf.dir/Core/Src/stm32f1xx_it.c.obj
 .debug_abbrev  0x000005ad      0x144 CMakeFiles/Servo.elf.dir/Core/Src/system_stm32f1xx.c.obj
 .debug_abbrev  0x000006f1      0x25d CMakeFiles/Servo.elf.dir/Core/Src/tim.c.obj
 .debug_abbrev  0x0000094e      0x204 CMakeFiles/Servo.elf.dir/Core/Src/usart.c.obj
 .debug_abbrev  0x00000b52      0x22d CMakeFiles/Servo.elf.dir/Drivers/STM32F1xx_HAL_Driver/Src/stm32f1xx_hal.c.obj
 .debug_abbrev  0x00000d7f      0x36d CMakeFiles/Servo.elf.dir/Drivers/STM32F1xx_HAL_Driver/Src/stm32f1xx_hal_cortex.c.obj
 .debug_abbrev  0x000010ec      0x1f7 CMakeFiles/Servo.elf.dir/Drivers/STM32F1xx_HAL_Driver/Src/stm32f1xx_hal_gpio.c.obj
 .debug_abbrev  0x000012e3      0x2a0 CMakeFiles/Servo.elf.dir/Drivers/STM32F1xx_HAL_Driver/Src/stm32f1xx_hal_rcc.c.obj
 .debug_abbrev  0x00001583      0x270 CMakeFiles/Servo.elf.dir/Drivers/STM32F1xx_HAL_Driver/Src/stm32f1xx_hal_tim.c.obj
 .debug_abbrev  0x000017f3      0x26e CMakeFiles/Servo.elf.dir/Drivers/STM32F1xx_HAL_Driver/Src/stm32f1xx_hal_tim_ex.c.obj
 .debug_abbrev  0x00001a61      0x31c CMakeFiles/Servo.elf.dir/Drivers/STM32F1xx_HAL_Driver/Src/stm32f1xx_hal_uart.c.obj
 .debug_abbrev  0x00001d7d       0x24 CMakeFiles/Servo.elf.dir/startup_stm32f103xb.s.obj
 .debug_abbrev  0x00001da1       0xb7 /usr/lib/gcc/arm-none-eabi/13.2.1/../../../arm-none-eabi/lib/thumb/v7e-m/nofp/libc.a(libc_a-memset.o)
 .debug_abbrev  0x00001e58       0xc9 /usr/lib/gcc/arm-none-eabi/13.2.1/../../../arm-none-eabi/lib/thumb/v7e-m/nofp/libc.a(libc_a-init.o)
 .debug_abbrev  0x00001f21       0xc1 /usr/lib/gcc/arm-none-eabi/13.2.1/../../../arm-none-eabi/lib/thumb/v7e-m/nofp/libc.a(libc_a-atexit.o)
 .debug_abbrev  0x00001fe2       0xcc /usr/lib/gcc/arm-none-eabi/13.2.1/../../../arm-none-eabi/lib/thumb/v7e-m/nofp/libc.a(libc_a-fini.o)
 .debug_abbrev  0x000020ae      0x1dd /usr/lib/gcc/arm-none-eabi/13.2.1/../../../arm-none-eabi/lib/thumb/v7e-m/nofp/libc.a(libc_a-__call_atexit.o)
 .debug_abbrev  0x0000228b      0x157 /usr/lib/gcc/arm-none-eabi/13.2.1/../../../arm-none-eabi/lib/thumb/v7e-m/nofp/libc.a(libc_a-__atexit.o)

.debug_aranges  0x00000000      0xc28
 .debug_aranges
                0x00000000       0x20 CMakeFiles/Servo.elf.dir/Core/Src/gpio.c.obj
 .debug_aranges
                0x00000020       0x30 CMakeFiles/Servo.elf.dir/Core/Src/main.c.obj
 .debug_aranges
                0x00000050       0x20 CMakeFiles/Servo.elf.dir/Core/Src/stm32f1xx_hal_msp.c.obj
 .debug_aranges
                0x00000070       0x70 CMakeFiles/Servo.elf.dir/Core/Src/stm32f1xx_it.c.obj
 .debug_aranges
                0x000000e0       0x28 CMakeFiles/Servo.elf.dir/Core/Src/system_stm32f1xx.c.obj
 .debug_aranges
                0x00000108       0x38 CMakeFiles/Servo.elf.dir/Core/Src/tim.c.obj
 .debug_aranges
                0x00000140       0x30 CMakeFiles/Servo.elf.dir/Core/Src/usart.c.obj
 .debug_aranges
                0x00000170       0xe0 CMakeFiles/Servo.elf.dir/Drivers/STM32F1xx_HAL_Driver/Src/stm32f1xx_hal.c.obj
 .debug_aranges
                0x00000250       0xc0 CMakeFiles/Servo.elf.dir/Drivers/STM32F1xx_HAL_Driver/Src/stm32f1xx_hal_cortex.c.obj
 .debug_aranges
                0x00000310       0x58 CMakeFiles/Servo.elf.dir/Drivers/STM32F1xx_HAL_Driver/Src/stm32f1xx_hal_gpio.c.obj
 .debug_aranges
                0x00000368       0x90 CMakeFiles/Servo.elf.dir/Drivers/STM32F1xx_HAL_Driver/Src/stm32f1xx_hal_rcc.c.obj
 .debug_aranges
                0x000003f8      0x3d0 CMakeFiles/Servo.elf.dir/Drivers/STM32F1xx_HAL_Driver/Src/stm32f1xx_hal_tim.c.obj
 .debug_aranges
                0x000007c8      0x168 CMakeFiles/Servo.elf.dir/Drivers/STM32F1xx_HAL_Driver/Src/stm32f1xx_hal_tim_ex.c.obj
 .debug_aranges
                0x00000930      0x208 CMakeFiles/Servo.elf.dir/Drivers/STM32F1xx_HAL_Driver/Src/stm32f1xx_hal_uart.c.obj
 .debug_aranges
                0x00000b38       0x28 CMakeFiles/Servo.elf.dir/startup_stm32f103xb.s.obj
 .debug_aranges
                0x00000b60       0x20 /usr/lib/gcc/arm-none-eabi/13.2.1/../../../arm-none-eabi/lib/thumb/v7e-m/nofp/libc.a(libc_a-memset.o)
 .debug_aranges
                0x00000b80       0x20 /usr/lib/gcc/arm-none-eabi/13.2.1/../../../arm-none-eabi/lib/thumb/v7e-m/nofp/libc.a(libc_a-init.o)
 .debug_aranges
                0x00000ba0       0x20 /usr/lib/gcc/arm-none-eabi/13.2.1/../../../arm-none-eabi/lib/thumb/v7e-m/nofp/libc.a(libc_a-atexit.o)
 .debug_aranges
                0x00000bc0       0x20 /usr/lib/gcc/arm-none-eabi/13.2.1/../../../arm-none-eabi/lib/thumb/v7e-m/nofp/libc.a(libc_a-fini.o)
 .debug_aranges
                0x00000be0       0x28 /usr/lib/gcc/arm-none-eabi/13.2.1/../../../arm-none-eabi/lib/thumb/v7e-m/nofp/libc.a(libc_a-__call_atexit.o)
 .debug_aranges
                0x00000c08       0x20 /usr/lib/gcc/arm-none-eabi/13.2.1/../../../arm-none-eabi/lib/thumb/v7e-m/nofp/libc.a(libc_a-__atexit.o)

.debug_rnglists
                0x00000000      0x8eb
 .debug_rnglists
                0x00000000       0x14 CMakeFiles/Servo.elf.dir/Core/Src/gpio.c.obj
 .debug_rnglists
                0x00000014       0x1f CMakeFiles/Servo.elf.dir/Core/Src/main.c.obj
 .debug_rnglists
                0x00000033       0x13 CMakeFiles/Servo.elf.dir/Core/Src/stm32f1xx_hal_msp.c.obj
 .debug_rnglists
                0x00000046       0x4f CMakeFiles/Servo.elf.dir/Core/Src/stm32f1xx_it.c.obj
 .debug_rnglists
                0x00000095       0x1a CMakeFiles/Servo.elf.dir/Core/Src/system_stm32f1xx.c.obj
 .debug_rnglists
                0x000000af       0x26 CMakeFiles/Servo.elf.dir/Core/Src/tim.c.obj
 .debug_rnglists
                0x000000d5       0x1f CMakeFiles/Servo.elf.dir/Core/Src/usart.c.obj
 .debug_rnglists
                0x000000f4       0xa3 CMakeFiles/Servo.elf.dir/Drivers/STM32F1xx_HAL_Driver/Src/stm32f1xx_hal.c.obj
 .debug_rnglists
                0x00000197       0x8b CMakeFiles/Servo.elf.dir/Drivers/STM32F1xx_HAL_Driver/Src/stm32f1xx_hal_cortex.c.obj
 .debug_rnglists
                0x00000222       0x3f CMakeFiles/Servo.elf.dir/Drivers/STM32F1xx_HAL_Driver/Src/stm32f1xx_hal_gpio.c.obj
 .debug_rnglists
                0x00000261       0x7d CMakeFiles/Servo.elf.dir/Drivers/STM32F1xx_HAL_Driver/Src/stm32f1xx_hal_rcc.c.obj
 .debug_rnglists
                0x000002de      0x2ff CMakeFiles/Servo.elf.dir/Drivers/STM32F1xx_HAL_Driver/Src/stm32f1xx_hal_tim.c.obj
 .debug_rnglists
                0x000005dd      0x11a CMakeFiles/Servo.elf.dir/Drivers/STM32F1xx_HAL_Driver/Src/stm32f1xx_hal_tim_ex.c.obj
 .debug_rnglists
                0x000006f7      0x1a1 CMakeFiles/Servo.elf.dir/Drivers/STM32F1xx_HAL_Driver/Src/stm32f1xx_hal_uart.c.obj
 .debug_rnglists
                0x00000898       0x19 CMakeFiles/Servo.elf.dir/startup_stm32f103xb.s.obj
 .debug_rnglists
                0x000008b1       0x3a /usr/lib/gcc/arm-none-eabi/13.2.1/../../../arm-none-eabi/lib/thumb/v7e-m/nofp/libc.a(libc_a-__call_atexit.o)

.debug_line     0x00000000     0xcb30
 .debug_line    0x00000000      0x1da CMakeFiles/Servo.elf.dir/Core/Src/gpio.c.obj
 .debug_line    0x000001da      0x2c0 CMakeFiles/Servo.elf.dir/Core/Src/main.c.obj
 .debug_line    0x0000049a      0x124 CMakeFiles/Servo.elf.dir/Core/Src/stm32f1xx_hal_msp.c.obj
 .debug_line    0x000005be      0x2af CMakeFiles/Servo.elf.dir/Core/Src/stm32f1xx_it.c.obj
 .debug_line    0x0000086d      0x1ec CMakeFiles/Servo.elf.dir/Core/Src/system_stm32f1xx.c.obj
 .debug_line    0x00000a59      0x3a9 CMakeFiles/Servo.elf.dir/Core/Src/tim.c.obj
 .debug_line    0x00000e02      0x2cf CMakeFiles/Servo.elf.dir/Core/Src/usart.c.obj
 .debug_line    0x000010d1      0x521 CMakeFiles/Servo.elf.dir/Drivers/STM32F1xx_HAL_Driver/Src/stm32f1xx_hal.c.obj
 .debug_line    0x000015f2      0x674 CMakeFiles/Servo.elf.dir/Drivers/STM32F1xx_HAL_Driver/Src/stm32f1xx_hal_cortex.c.obj
 .debug_line    0x00001c66      0x59d CMakeFiles/Servo.elf.dir/Drivers/STM32F1xx_HAL_Driver/Src/stm32f1xx_hal_gpio.c.obj
 .debug_line    0x00002203      0xc77 CMakeFiles/Servo.elf.dir/Drivers/STM32F1xx_HAL_Driver/Src/stm32f1xx_hal_rcc.c.obj
 .debug_line    0x00002e7a     0x45bc CMakeFiles/Servo.elf.dir/Drivers/STM32F1xx_HAL_Driver/Src/stm32f1xx_hal_tim.c.obj
 .debug_line    0x00007436     0x19b9 CMakeFiles/Servo.elf.dir/Drivers/STM32F1xx_HAL_Driver/Src/stm32f1xx_hal_tim_ex.c.obj
 .debug_line    0x00008def     0x3492 CMakeFiles/Servo.elf.dir/Drivers/STM32F1xx_HAL_Driver/Src/stm32f1xx_hal_uart.c.obj
 .debug_line    0x0000c281       0x78 CMakeFiles/Servo.elf.dir/startup_stm32f103xb.s.obj
 .debug_line    0x0000c2f9      0x1b6 /usr/lib/gcc/arm-none-eabi/13.2.1/../../../arm-none-eabi/lib/thumb/v7e-m/nofp/libc.a(libc_a-memset.o)
 .debug_line    0x0000c4af      0x11e /usr/lib/gcc/arm-none-eabi/13.2.1/../../../arm-none-eabi/lib/thumb/v7e-m/nofp/libc.a(libc_a-init.o)
 .debug_line    0x0000c5cd       0xc3 /usr/lib/gcc/arm-none-eabi/13.2.1/../../../arm-none-eabi/lib/thumb/v7e-m/nofp/libc.a(libc_a-atexit.o)
 .debug_line    0x0000c690       0xd2 /usr/lib/gcc/arm-none-eabi/13.2.1/../../../arm-none-eabi/lib/thumb/v7e-m/nofp/libc.a(libc_a-fini.o)
 .debug_line    0x0000c762      0x27f /usr/lib/gcc/arm-none-eabi/13.2.1/../../../arm-none-eabi/lib/thumb/v7e-m/nofp/libc.a(libc_a-__call_atexit.o)
 .debug_line    0x0000c9e1      0x14f /usr/lib/gcc/arm-none-eabi/13.2.1/../../../arm-none-eabi/lib/thumb/v7e-m/nofp/libc.a(libc_a-__atexit.o)

.debug_str      0x00000000     0x3a4f
 .debug_str     0x00000000     0x3a4f CMakeFiles/Servo.elf.dir/Core/Src/gpio.c.obj
                                0x59c (size before relaxing)
 .debug_str     0x00003a4f      0x398 CMakeFiles/Servo.elf.dir/Core/Src/main.c.obj
 .debug_str     0x00003a4f      0x234 CMakeFiles/Servo.elf.dir/Core/Src/stm32f1xx_hal_msp.c.obj
 .debug_str     0x00003a4f      0x75f CMakeFiles/Servo.elf.dir/Core/Src/stm32f1xx_it.c.obj
 .debug_str     0x00003a4f      0x25f CMakeFiles/Servo.elf.dir/Core/Src/system_stm32f1xx.c.obj
 .debug_str     0x00003a4f      0xc52 CMakeFiles/Servo.elf.dir/Core/Src/tim.c.obj
 .debug_str     0x00003a4f      0x6d2 CMakeFiles/Servo.elf.dir/Core/Src/usart.c.obj
 .debug_str     0x00003a4f      0x843 CMakeFiles/Servo.elf.dir/Drivers/STM32F1xx_HAL_Driver/Src/stm32f1xx_hal.c.obj
 .debug_str     0x00003a4f      0x8d4 CMakeFiles/Servo.elf.dir/Drivers/STM32F1xx_HAL_Driver/Src/stm32f1xx_hal_cortex.c.obj
 .debug_str     0x00003a4f      0x40a CMakeFiles/Servo.elf.dir/Drivers/STM32F1xx_HAL_Driver/Src/stm32f1xx_hal_gpio.c.obj
 .debug_str     0x00003a4f      0x62b CMakeFiles/Servo.elf.dir/Drivers/STM32F1xx_HAL_Driver/Src/stm32f1xx_hal_rcc.c.obj
 .debug_str     0x00003a4f     0x168f CMakeFiles/Servo.elf.dir/Drivers/STM32F1xx_HAL_Driver/Src/stm32f1xx_hal_tim.c.obj
 .debug_str     0x00003a4f      0xe9b CMakeFiles/Servo.elf.dir/Drivers/STM32F1xx_HAL_Driver/Src/stm32f1xx_hal_tim_ex.c.obj
 .debug_str     0x00003a4f      0xcf4 CMakeFiles/Servo.elf.dir/Drivers/STM32F1xx_HAL_Driver/Src/stm32f1xx_hal_uart.c.obj
 .debug_str     0x00003a4f       0x82 CMakeFiles/Servo.elf.dir/startup_stm32f103xb.s.obj
 .debug_str     0x00003a4f      0x1a2 /usr/lib/gcc/arm-none-eabi/13.2.1/../../../arm-none-eabi/lib/thumb/v7e-m/nofp/libc.a(libc_a-memset.o)
 .debug_str     0x00003a4f      0x1ef /usr/lib/gcc/arm-none-eabi/13.2.1/../../../arm-none-eabi/lib/thumb/v7e-m/nofp/libc.a(libc_a-init.o)
 .debug_str     0x00003a4f      0x1cb /usr/lib/gcc/arm-none-eabi/13.2.1/../../../arm-none-eabi/lib/thumb/v7e-m/nofp/libc.a(libc_a-atexit.o)
 .debug_str     0x00003a4f      0x1c5 /usr/lib/gcc/arm-none-eabi/13.2.1/../../../arm-none-eabi/lib/thumb/v7e-m/nofp/libc.a(libc_a-fini.o)
 .debug_str     0x00003a4f      0x258 /usr/lib/gcc/arm-none-eabi/13.2.1/../../../arm-none-eabi/lib/thumb/v7e-m/nofp/libc.a(libc_a-__call_atexit.o)
 .debug_str     0x00003a4f      0x236 /usr/lib/gcc/arm-none-eabi/13.2.1/../../../arm-none-eabi/lib/thumb/v7e-m/nofp/libc.a(libc_a-__atexit.o)

.debug_frame    0x00000000     0x1eac
 .debug_frame   0x00000000       0x30 CMakeFiles/Servo.elf.dir/Core/Src/gpio.c.obj
 .debug_frame   0x00000030       0x58 CMakeFiles/Servo.elf.dir/Core/Src/main.c.obj
 .debug_frame   0x00000088       0x28 CMakeFiles/Servo.elf.dir/Core/Src/stm32f1xx_hal_msp.c.obj
 .debug_frame   0x000000b0       0xd8 CMakeFiles/Servo.elf.dir/Core/Src/stm32f1xx_it.c.obj
 .debug_frame   0x00000188       0x30 CMakeFiles/Servo.elf.dir/Core/Src/system_stm32f1xx.c.obj
 .debug_frame   0x000001b8       0x84 CMakeFiles/Servo.elf.dir/Core/Src/tim.c.obj
 .debug_frame   0x0000023c       0x60 CMakeFiles/Servo.elf.dir/Core/Src/usart.c.obj
 .debug_frame   0x0000029c      0x1cc CMakeFiles/Servo.elf.dir/Drivers/STM32F1xx_HAL_Driver/Src/stm32f1xx_hal.c.obj
 .debug_frame   0x00000468      0x19c CMakeFiles/Servo.elf.dir/Drivers/STM32F1xx_HAL_Driver/Src/stm32f1xx_hal_cortex.c.obj
 .debug_frame   0x00000604       0xe4 CMakeFiles/Servo.elf.dir/Drivers/STM32F1xx_HAL_Driver/Src/stm32f1xx_hal_gpio.c.obj
 .debug_frame   0x000006e8      0x184 CMakeFiles/Servo.elf.dir/Drivers/STM32F1xx_HAL_Driver/Src/stm32f1xx_hal_rcc.c.obj
 .debug_frame   0x0000086c      0xb18 CMakeFiles/Servo.elf.dir/Drivers/STM32F1xx_HAL_Driver/Src/stm32f1xx_hal_tim.c.obj
 .debug_frame   0x00001384      0x418 CMakeFiles/Servo.elf.dir/Drivers/STM32F1xx_HAL_Driver/Src/stm32f1xx_hal_tim_ex.c.obj
 .debug_frame   0x0000179c      0x5dc CMakeFiles/Servo.elf.dir/Drivers/STM32F1xx_HAL_Driver/Src/stm32f1xx_hal_uart.c.obj
 .debug_frame   0x00001d78       0x2c /usr/lib/gcc/arm-none-eabi/13.2.1/../../../arm-none-eabi/lib/thumb/v7e-m/nofp/libc.a(libc_a-memset.o)
 .debug_frame   0x00001da4       0x2c /usr/lib/gcc/arm-none-eabi/13.2.1/../../../arm-none-eabi/lib/thumb/v7e-m/nofp/libc.a(libc_a-init.o)
 .debug_frame   0x00001dd0       0x20 /usr/lib/gcc/arm-none-eabi/13.2.1/../../../arm-none-eabi/lib/thumb/v7e-m/nofp/libc.a(libc_a-atexit.o)
 .debug_frame   0x00001df0       0x34 /usr/lib/gcc/arm-none-eabi/13.2.1/../../../arm-none-eabi/lib/thumb/v7e-m/nofp/libc.a(libc_a-fini.o)
 .debug_frame   0x00001e24       0x54 /usr/lib/gcc/arm-none-eabi/13.2.1/../../../arm-none-eabi/lib/thumb/v7e-m/nofp/libc.a(libc_a-__call_atexit.o)
 .debug_frame   0x00001e78       0x34 /usr/lib/gcc/arm-none-eabi/13.2.1/../../../arm-none-eabi/lib/thumb/v7e-m/nofp/libc.a(libc_a-__atexit.o)

.debug_loclists
                0x00000000     0x8b9f
 .debug_loclists
                0x00000000       0x17 CMakeFiles/Servo.elf.dir/Core/Src/stm32f1xx_hal_msp.c.obj
 .debug_loclists
                0x00000017       0xb7 CMakeFiles/Servo.elf.dir/Core/Src/system_stm32f1xx.c.obj
 .debug_loclists
                0x000000ce       0x91 CMakeFiles/Servo.elf.dir/Core/Src/tim.c.obj
 .debug_loclists
                0x0000015f       0x74 CMakeFiles/Servo.elf.dir/Core/Src/usart.c.obj
 .debug_loclists
                0x000001d3       0xe1 CMakeFiles/Servo.elf.dir/Drivers/STM32F1xx_HAL_Driver/Src/stm32f1xx_hal.c.obj
 .debug_loclists
                0x000002b4      0x530 CMakeFiles/Servo.elf.dir/Drivers/STM32F1xx_HAL_Driver/Src/stm32f1xx_hal_cortex.c.obj
 .debug_loclists
                0x000007e4      0x318 CMakeFiles/Servo.elf.dir/Drivers/STM32F1xx_HAL_Driver/Src/stm32f1xx_hal_gpio.c.obj
 .debug_loclists
                0x00000afc      0x42e CMakeFiles/Servo.elf.dir/Drivers/STM32F1xx_HAL_Driver/Src/stm32f1xx_hal_rcc.c.obj
 .debug_loclists
                0x00000f2a     0x37db CMakeFiles/Servo.elf.dir/Drivers/STM32F1xx_HAL_Driver/Src/stm32f1xx_hal_tim.c.obj
 .debug_loclists
                0x00004705     0x1398 CMakeFiles/Servo.elf.dir/Drivers/STM32F1xx_HAL_Driver/Src/stm32f1xx_hal_tim_ex.c.obj
 .debug_loclists
                0x00005a9d     0x2c86 CMakeFiles/Servo.elf.dir/Drivers/STM32F1xx_HAL_Driver/Src/stm32f1xx_hal_uart.c.obj
 .debug_loclists
                0x00008723      0x1c2 /usr/lib/gcc/arm-none-eabi/13.2.1/../../../arm-none-eabi/lib/thumb/v7e-m/nofp/libc.a(libc_a-memset.o)
 .debug_loclists
                0x000088e5       0x65 /usr/lib/gcc/arm-none-eabi/13.2.1/../../../arm-none-eabi/lib/thumb/v7e-m/nofp/libc.a(libc_a-init.o)
 .debug_loclists
                0x0000894a       0x2b /usr/lib/gcc/arm-none-eabi/13.2.1/../../../arm-none-eabi/lib/thumb/v7e-m/nofp/libc.a(libc_a-atexit.o)
 .debug_loclists
                0x00008975       0x42 /usr/lib/gcc/arm-none-eabi/13.2.1/../../../arm-none-eabi/lib/thumb/v7e-m/nofp/libc.a(libc_a-fini.o)
 .debug_loclists
                0x000089b7      0x102 /usr/lib/gcc/arm-none-eabi/13.2.1/../../../arm-none-eabi/lib/thumb/v7e-m/nofp/libc.a(libc_a-__call_atexit.o)
 .debug_loclists
                0x00008ab9       0xe6 /usr/lib/gcc/arm-none-eabi/13.2.1/../../../arm-none-eabi/lib/thumb/v7e-m/nofp/libc.a(libc_a-__atexit.o)

.debug_line_str
                0x00000000       0x68
 .debug_line_str
                0x00000000       0x68 CMakeFiles/Servo.elf.dir/startup_stm32f103xb.s.obj
